0 9.870529174804688e-05
100 9.919808864593506
200 11.882255554199219
300 14.771814346313477
400 18.510642528533936
500 23.022861003875732
600 28.404260396957397
700 34.52365565299988
800 41.378963470458984
900 48.96581840515137
1000 57.40809106826782
1100 66.34620809555054
1200 76.36297369003296
1300 87.02634072303772
1400 98.43877124786377
1500 110.46939611434937
1600 123.1791820526123
1700 136.6100103855133
1800 150.06457114219666
1900 160.3013572692871
2000 171.1050169467926
2100 182.4767484664917
2200 194.3811628818512
2300 206.82062578201294
2400 219.8189823627472
2500 233.40188336372375
2600 247.52398562431335
2700 262.1743531227112
2800 277.35214495658875
2900 293.08195400238037
3000 309.3431327342987
3100 326.1984703540802
3200 343.5977416038513
3300 361.5257203578949
3400 379.996746301651
3500 399.01609230041504
3600 418.5943911075592
3700 438.7154791355133
3800 459.37553000450134
3900 480.61234998703003
3999 502.35568022727966
