0 9.5367431640625e-05
100 1.270812749862671
200 1.5828595161437988
300 2.041147232055664
400 2.6498117446899414
500 3.4035449028015137
600 4.306160926818848
700 5.355846166610718
800 6.5446388721466064
900 7.880788326263428
1000 9.37381911277771
1100 11.015130519866943
1200 12.797332048416138
1300 14.726667404174805
1400 16.801624298095703
1500 19.016072273254395
1600 21.36765170097351
1700 23.88463258743286
1800 26.54364037513733
1900 29.344714879989624
2000 32.29357123374939
2100 35.37805676460266
2200 38.60632562637329
2300 42.00391602516174
2400 45.52675724029541
2500 49.20269012451172
2600 53.01784873008728
2700 56.9627366065979
2800 61.02569317817688
2900 65.20126056671143
3000 69.5294861793518
3100 73.99826669692993
3200 78.62852334976196
3300 83.36882209777832
3400 88.26027321815491
3500 93.33595752716064
3600 98.53329634666443
3700 103.87486958503723
3800 109.39869236946106
3900 115.05737614631653
4000 120.84594798088074
4100 126.7771348953247
4200 132.84734678268433
4300 139.07614612579346
4400 145.42899560928345
4500 151.90491604804993
4600 158.57613444328308
4700 165.4297218322754
4800 172.44225525856018
4900 179.58760571479797
5000 186.88178420066833
5100 194.30821180343628
5200 201.88608312606812
5300 209.61793994903564
5400 217.49116444587708
5500 225.5087924003601
5600 233.66923427581787
5700 241.97562432289124
5800 250.4216377735138
5900 259.0204932689667
6000 267.76461029052734
6100 276.6286268234253
6200 285.6430299282074
6300 294.65784454345703
6400 303.84840846061707
6500 313.1828532218933
6600 322.66087079048157
6700 332.28022146224976
6800 342.04143929481506
6900 351.8409812450409
7000 361.85363698005676
7100 372.03507947921753
7200 382.33830070495605
7300 392.77518486976624
7400 403.2791211605072
7500 413.96222400665283
7600 424.8221035003662
7700 435.7689039707184
7800 446.87175941467285
7900 458.12453055381775
8000 469.52597308158875
8100 481.0932471752167
8200 492.7851312160492
8300 504.63016152381897
8400 516.6226940155029
8500 528.7367730140686
8600 541.0014028549194
8700 553.4497363567352
8800 566.0269231796265
8900 578.7641634941101
9000 591.6193897724152
9100 604.650454044342
9200 617.7768816947937
9300 631.0769658088684
9400 644.4240446090698
9500 658.0400278568268
9600 671.7628483772278
9700 685.630738735199
9800 699.5608489513397
9900 713.6479423046112
10000 727.9202439785004
10100 742.2962505817413
10200 756.8249959945679
10300 771.4774367809296
10400 786.3038096427917
10500 801.2366194725037
10600 816.3325951099396
10700 831.5392367839813
10800 846.8850169181824
10900 866.5364656448364
11000 884.9066679477692
11100 900.8503284454346
11200 916.8874390125275
11300 933.052547454834
11400 949.3722531795502
11500 965.8241629600525
11600 982.4140453338623
11700 999.1637511253357
11800 1016.0448162555695
11900 1033.0613915920258
12000 1050.188372373581
12100 1067.4767971038818
12200 1084.80122256279
12300 1102.2740786075592
12400 1119.956359386444
12500 1137.8664803504944
12600 1156.0004160404205
12700 1174.1400017738342
12800 1192.4062399864197
12900 1210.925300359726
13000 1229.5635721683502
13100 1248.1852734088898
13200 1266.9507327079773
13300 1286.0269918441772
13400 1305.2720410823822
13500 1324.6518602371216
13600 1344.1987948417664
13700 1363.8464486598969
13800 1383.7078742980957
13900 1403.7285132408142
14000 1423.9095754623413
14100 1444.1237213611603
14200 1464.5605854988098
14300 1485.185823917389
14400 1505.9035053253174
14500 1526.7379965782166
14600 1547.641340970993
14700 1568.725014448166
14800 1589.842931509018
14900 1611.0734548568726
15000 1632.554238319397
15100 1654.2714161872864
15200 1676.0936908721924
15300 1698.0525522232056
15400 1720.078429222107
15500 1742.2133541107178
15600 1765.2739615440369
15700 1793.710039615631
15800 1816.3653106689453
15900 1839.1732397079468
16000 1862.108958721161
16100 1885.180982351303
16200 1908.3407068252563
16300 1931.7664732933044
16400 1955.2101793289185
16500 1978.8534481525421
16600 2002.6252546310425
16700 2026.4720423221588
16800 2050.461252450943
16900 2077.806064605713
17000 2109.6947045326233
17100 2142.016798734665
17200 2174.4002828598022
17300 2200.530939102173
17400 2225.440855026245
17500 2250.3987696170807
17600 2275.531257867813
17700 2300.8573665618896
17800 2326.343108892441
17900 2351.96218585968
18000 2377.7591462135315
18100 2403.659538269043
18200 2429.792387485504
18300 2456.068650007248
18400 2482.4380762577057
18500 2508.9838864803314
18600 2535.6577553749084
18700 2562.442502260208
18800 2589.360723733902
18900 2616.4824328422546
19000 2643.7424597740173
19100 2671.1727414131165
19200 2698.739755153656
19300 2726.3911683559418
19400 2754.2307846546173
19500 2782.224991798401
19600 2810.357269525528
19700 2838.618255376816
19800 2870.06942820549
19900 2907.368866920471
19999 2944.7144837379456
