0 8.463859558105469e-05
100 1.285797357559204
200 1.5940775871276855
300 2.04687237739563
400 2.6465766429901123
500 3.395120859146118
600 4.286365985870361
700 5.330276966094971
800 6.515603065490723
900 7.847234010696411
1000 9.323707818984985
1100 10.95114803314209
1200 12.722957611083984
1300 14.638853311538696
1400 16.706115245819092
1500 18.91892099380493
1600 21.276907205581665
1700 23.78072690963745
1800 26.429352521896362
1900 29.231999397277832
2000 32.18257117271423
2100 35.28302311897278
2200 38.530290365219116
2300 41.92302966117859
2400 45.461751222610474
2500 49.14944553375244
2600 52.97866606712341
2700 56.94656038284302
2800 61.04262447357178
2900 65.28125882148743
3000 69.66693258285522
3100 74.2014753818512
3200 78.8686888217926
3300 83.68618631362915
3400 88.64985823631287
3500 93.7651584148407
3600 99.01866912841797
3700 104.40401363372803
3800 109.9307177066803
3900 115.59317255020142
4000 121.39530396461487
4100 127.33285546302795
4200 133.40202474594116
4300 139.62599301338196
4400 145.9841923713684
4500 152.4946117401123
4600 159.1394383907318
4700 165.89794993400574
4800 172.7446494102478
4900 179.75045824050903
5000 186.87025547027588
5100 194.06585144996643
5200 201.34137630462646
5300 208.73891162872314
5400 216.30414867401123
5500 224.0187075138092
5600 231.87671303749084
5700 239.86435270309448
5800 247.9767816066742
5900 256.2375247478485
6000 264.6263349056244
6100 273.21164441108704
6200 281.9499702453613
6300 290.8291926383972
6400 299.8607323169708
6500 309.0284945964813
6600 318.4549181461334
6700 328.05292439460754
6800 337.79185605049133
6900 347.67355370521545
7000 357.7024714946747
7100 367.86832880973816
7200 378.18421936035156
7300 388.6561527252197
7400 399.25858330726624
7500 410.0059726238251
7600 420.90321946144104
7700 431.8757884502411
7800 442.94730710983276
7900 454.1794354915619
8000 465.57051610946655
8100 477.10099053382874
8200 488.784854888916
8300 500.57877135276794
8400 512.5502240657806
8500 524.6441028118134
8600 536.8949596881866
8700 549.3008804321289
8800 561.8198375701904
8900 574.4827003479004
9000 587.2917149066925
9100 600.2357974052429
9200 613.3339107036591
9300 626.5642919540405
9400 639.9220383167267
9500 653.4342474937439
9600 667.1240665912628
9700 680.9634983539581
9800 694.9350678920746
9900 709.0523200035095
10000 723.2900009155273
10100 737.6761848926544
10200 752.1942284107208
10300 766.8606615066528
10400 781.6757221221924
10500 796.6363263130188
10600 811.7376897335052
10700 826.9864478111267
10800 842.3787770271301
10900 857.8717515468597
11000 873.4697303771973
11100 889.191859960556
11200 905.1057796478271
11300 921.1845462322235
11400 937.4309432506561
11500 953.8248267173767
11600 970.3655083179474
11700 986.974823474884
11800 1003.7852277755737
11900 1020.7562174797058
12000 1037.8648917675018
12100 1055.1196801662445
12200 1072.5192646980286
12300 1090.0575652122498
12400 1107.6620664596558
12500 1125.3812322616577
12600 1143.3352227210999
12700 1161.4473223686218
12800 1179.6755108833313
12900 1198.059298992157
13000 1216.530612707138
13100 1235.1143124103546
13200 1253.8413679599762
13300 1272.7124826908112
13400 1291.7857892513275
13500 1310.9691758155823
13600 1330.360596895218
13700 1349.808364868164
13800 1369.4231543540955
13900 1389.2223312854767
14000 1409.113700389862
14100 1429.2008299827576
14200 1449.4403886795044
14300 1469.7342801094055
14400 1490.2568089962006
14500 1510.8763296604156
14600 1531.667768239975
14700 1552.5244386196136
14800 1573.4764897823334
14900 1594.6857361793518
15000 1616.045646905899
15100 1637.562700510025
15200 1659.1679575443268
15300 1680.87091422081
15400 1702.7897565364838
15500 1724.8813297748566
15600 1747.1249740123749
15700 1769.5148203372955
15800 1792.045241355896
15900 1814.7179508209229
16000 1837.5651302337646
16100 1860.5430083274841
16200 1883.502741575241
16300 1906.7297112941742
16400 1930.1034524440765
16500 1953.568664073944
16600 1977.0326833724976
16700 2000.3156101703644
16800 2023.7532589435577
16900 2047.2642397880554
17000 2070.9546282291412
17100 2094.7724249362946
17200 2118.7199227809906
17300 2142.8020634651184
17400 2167.023546934128
17500 2191.43350148201
17600 2216.2122044563293
17700 2241.5631186962128
17800 2267.0686450004578
17900 2292.700719356537
18000 2318.436012983322
18100 2344.3419721126556
18200 2370.369990825653
18300 2396.5552775859833
18400 2422.8155608177185
18500 2449.192729949951
18600 2475.752909898758
18700 2502.4510242938995
18800 2529.294899702072
18900 2556.2580020427704
19000 2583.3266639709473
19100 2610.579937696457
19200 2637.981940507889
19300 2665.605714082718
19400 2693.2929167747498
19500 2721.0660734176636
19600 2749.0865499973297
19700 2777.2570338249207
19800 2805.5700731277466
19900 2833.983206510544
19999 2862.4936923980713
