0 8.58306884765625e-05
100 6.532984018325806
200 8.234158039093018
300 10.881810426712036
400 14.477893114089966
500 19.034393310546875
600 24.585317850112915
700 31.07232356071472
800 38.54324126243591
900 46.9779417514801
1000 56.358530044555664
1100 66.73319268226624
1200 78.07926392555237
1300 90.36585545539856
1400 103.6214530467987
1500 117.79471206665039
1600 132.91412377357483
1700 148.9620304107666
1800 165.96059250831604
1900 183.9437780380249
2000 202.87643671035767
2100 222.78457736968994
2200 243.6534242630005
2300 265.47315669059753
2400 288.27664828300476
2500 312.0639445781708
2600 336.8411798477173
2700 362.5823743343353
2800 389.26503801345825
2900 416.89358496665955
3000 445.4490659236908
3100 475.0006482601166
3200 505.53890800476074
3300 537.0684680938721
3400 569.5689702033997
3500 603.0001535415649
3600 637.3538875579834
3700 673.6738812923431
3800 715.6958434581757
3900 760.2638356685638
3999 807.4295992851257
