0 7.748603820800781e-05
100 2.0130953788757324
200 2.3646857738494873
300 2.8539600372314453
400 3.4942870140075684
500 4.256198883056641
600 5.169872999191284
700 6.219682931900024
800 7.391762018203735
900 8.703798532485962
1000 10.145276546478271
1100 11.72911787033081
1200 13.468549728393555
1300 15.337416887283325
1400 17.341755867004395
1500 19.475892543792725
1600 21.75616478919983
1700 24.170599937438965
1800 26.708985090255737
1900 29.395381927490234
2000 32.21732997894287
2100 35.18711519241333
2200 38.28584361076355
2300 41.532623529434204
2400 44.90875172615051
2500 48.4292049407959
2600 52.076080322265625
2700 55.87828850746155
2800 59.82946753501892
2900 63.86678218841553
3000 68.06243252754211
3100 72.4170548915863
3200 76.86753296852112
3300 81.45346021652222
3400 86.18573474884033
3500 91.04808449745178
3600 96.06678533554077
3700 101.19161057472229
3800 106.45069074630737
3900 111.88514685630798
3999 117.46819424629211
