0 8.392333984375e-05
100 1.1484081745147705
200 1.2324445247650146
300 1.3522899150848389
400 1.5076711177825928
500 1.6990928649902344
600 1.9263765811920166
700 2.1894748210906982
800 2.490509510040283
900 2.8272545337677
1000 3.200712203979492
1100 3.609468936920166
1200 4.054649114608765
1300 4.5362513065338135
1400 5.0493996143341064
1500 5.5955610275268555
1600 6.177398920059204
1700 6.799990653991699
1800 7.46041202545166
1900 8.15618348121643
2000 8.88694977760315
2100 9.653663158416748
2200 10.457969427108765
2300 11.29830288887024
2400 12.173848152160645
2500 13.085848569869995
2600 14.032210111618042
2700 15.014171123504639
2800 16.02782654762268
2900 17.076308488845825
3000 18.17381262779236
3100 19.307449102401733
3200 20.476728677749634
3300 21.682060956954956
3400 22.924941301345825
3500 24.20189094543457
3600 25.5086727142334
3700 26.850094079971313
3800 28.22850799560547
3900 29.642318964004517
4000 31.09125328063965
4100 32.57564306259155
4200 34.096975326538086
4300 35.661606550216675
4400 37.26485586166382
4500 38.90658473968506
4600 40.55926966667175
4700 42.24799609184265
4800 43.97068405151367
4900 45.72972226142883
5000 47.52378058433533
5100 49.35489106178284
5200 51.22121000289917
5300 53.12361764907837
5400 55.06144404411316
5500 57.047255516052246
5600 59.07134532928467
5700 61.13362789154053
5800 63.22962713241577
5900 65.36344909667969
6000 67.54505443572998
6100 69.7506856918335
6200 71.9918920993805
6300 74.24675965309143
6400 76.52609443664551
6500 78.84036231040955
6600 81.18757486343384
6700 83.57029581069946
6800 85.98921489715576
6900 88.44676184654236
7000 90.96314477920532
7100 93.51483845710754
7200 96.1021671295166
7300 98.72081732749939
7400 101.3805046081543
7500 104.07851696014404
7600 106.80879330635071
7700 109.57397079467773
7800 112.37611865997314
7900 115.21338248252869
8000 118.0941891670227
8100 121.00917768478394
8200 123.96008706092834
8300 126.94856929779053
8400 129.9521243572235
8500 132.98998165130615
8600 136.0638301372528
8700 139.17491030693054
8800 142.31659126281738
8900 145.4936261177063
9000 148.70608162879944
9100 151.9800660610199
9200 155.2929093837738
9300 158.63780212402344
9400 162.02462220191956
9500 165.43666005134583
9600 168.86155891418457
9700 172.32002425193787
9800 175.83728289604187
9900 179.39743494987488
10000 182.99692583084106
10100 186.61153435707092
10200 190.2440824508667
10300 193.94343996047974
10400 197.67720699310303
10500 201.44779324531555
10600 205.25757312774658
10700 209.09987235069275
10800 212.98041915893555
10900 216.8946213722229
11000 220.81444835662842
11100 224.76078581809998
11200 228.78110432624817
11300 232.83589696884155
11400 236.92801332473755
11500 241.0541079044342
11600 245.21294736862183
11700 249.38849711418152
11800 253.60326433181763
11900 257.87053775787354
12000 262.17706274986267
12100 266.5220675468445
12200 270.9072153568268
12300 275.3361268043518
12400 279.79321932792664
12500 284.26777052879333
12600 288.7817008495331
12700 293.3286006450653
12800 297.8889560699463
12900 302.47122383117676
13000 307.09454369544983
13100 311.7938952445984
13200 316.52476358413696
13300 321.3030574321747
13400 326.10860204696655
13500 330.94504833221436
13600 335.82044672966003
13700 340.729120016098
13800 345.6756730079651
13900 350.6595757007599
14000 355.6749494075775
14100 360.72849321365356
14200 365.81675386428833
14300 370.9381024837494
14400 376.09475684165955
14500 381.2901997566223
14600 386.521253824234
14700 391.78635239601135
14800 397.0894351005554
14900 402.4328980445862
15000 407.7993094921112
15100 413.19100975990295
15200 418.63812613487244
15300 424.1233205795288
15400 429.63349413871765
15500 435.18608236312866
15600 440.74097323417664
15700 446.36297082901
15800 452.02629494667053
15900 457.7228298187256
16000 463.45172476768494
16100 469.19936180114746
16200 474.99723744392395
16300 480.823970079422
16400 486.65190529823303
16500 492.5281581878662
16600 498.44481468200684
16700 504.43165254592896
16800 510.43181324005127
16900 516.5115211009979
17000 522.6134552955627
17100 528.7441186904907
17200 534.9245007038116
17300 541.1455316543579
17400 547.4267807006836
17500 553.7304780483246
17600 560.0657858848572
17700 566.3963780403137
17800 572.7946631908417
17900 579.2189800739288
18000 585.6927151679993
18100 592.1796545982361
18200 598.6735701560974
18300 605.1986875534058
18400 611.7485716342926
18500 618.3545715808868
18600 625.0095019340515
18700 631.7021331787109
18800 638.4276087284088
18900 645.1897633075714
19000 651.9838762283325
19100 658.8155388832092
19200 665.684104681015
19300 672.5904169082642
19400 679.5165686607361
19500 686.4392857551575
19600 693.4002640247345
19700 700.4427316188812
19800 707.528317451477
19900 714.6502468585968
19999 721.8061611652374
