0 8.988380432128906e-05
100 1.870042085647583
200 1.9705638885498047
300 2.104618787765503
400 2.2728099822998047
500 2.477128744125366
600 2.7229201793670654
700 2.991882085800171
800 3.2967910766601562
900 3.6354122161865234
1000 4.009978532791138
1100 4.415522575378418
1200 4.861121654510498
1300 5.340517282485962
1400 5.855320692062378
1500 6.4078919887542725
1600 6.995855093002319
1700 7.615047931671143
1800 8.267840385437012
1900 8.946598529815674
2000 9.655689001083374
2100 10.404388666152954
2200 11.177841663360596
2300 11.99274468421936
2400 12.840277671813965
2500 13.716484069824219
2600 14.626771926879883
2700 15.571783542633057
2800 16.55165934562683
2900 17.576024532318115
3000 18.635411977767944
3100 19.731475830078125
3200 20.858750104904175
3300 22.013601779937744
3400 23.20166778564453
3500 24.42344641685486
3600 25.67686152458191
3700 26.968820095062256
3800 28.297931671142578
3900 29.655781507492065
3999 31.056706428527832
