0 0.0004744529724121094
100 5.96879506111145
200 6.4109930992126465
300 7.101545810699463
400 8.037030935287476
500 9.226720333099365
600 10.66316556930542
700 12.33449101448059
800 14.278633117675781
900 16.44741415977478
1000 18.858643293380737
1100 21.526716709136963
1200 24.449467658996582
1300 27.622779846191406
1400 31.023019075393677
1500 34.682663679122925
1600 38.55524158477783
1700 42.719069957733154
1800 47.1245973110199
1900 51.764776945114136
2000 56.66322708129883
2100 61.79040288925171
2200 67.17972040176392
2300 72.80223751068115
2400 78.65468001365662
2500 84.76663279533386
2600 91.11036777496338
2700 97.60152244567871
2800 104.21328091621399
2900 111.06945371627808
3000 118.18365478515625
3100 125.52766585350037
3200 133.1296467781067
3300 140.95422196388245
3400 149.03476738929749
3500 157.324773311615
3600 165.9041121006012
3700 174.73870849609375
3800 183.78310298919678
3900 193.07908940315247
3999 202.60108613967896
