0 8.296966552734375e-05
100 5.9566943645477295
200 6.395259618759155
300 7.066418886184692
400 7.977039575576782
500 9.121730327606201
600 10.508543491363525
700 12.140164375305176
800 14.009217500686646
900 16.121947050094604
1000 18.47265934944153
1100 21.063931465148926
1200 23.89076828956604
1300 26.96122908592224
1400 30.260953664779663
1500 33.800090074539185
1600 37.57223200798035
1700 41.56079077720642
1800 45.790854930877686
1900 50.25103139877319
2000 54.96111869812012
2100 59.91933751106262
2200 65.11457586288452
2300 70.5409734249115
2400 76.20586848258972
2500 82.10735011100769
2600 88.27188539505005
2700 94.67128491401672
2800 101.34316539764404
2900 108.22421789169312
3000 115.31514644622803
3100 122.63599133491516
3200 130.22015690803528
3300 138.05470490455627
3400 146.13303899765015
3500 154.4232668876648
3600 162.97321343421936
3700 171.78287553787231
3800 180.81974339485168
3900 190.0763339996338
3999 199.57860374450684
