0 7.796287536621094e-05
100 1.5497941970825195
200 2.465165853500366
300 3.8275375366210938
400 5.644189357757568
500 7.921679496765137
600 10.638461828231812
700 13.804577589035034
800 17.4337215423584
900 21.53629994392395
1000 26.095030784606934
1100 31.092841386795044
1200 36.54780626296997
1300 42.43023228645325
1400 48.830230712890625
1500 55.66101861000061
1600 62.931427001953125
1700 70.70218968391418
1800 78.91739845275879
1900 87.56667995452881
2000 96.56304144859314
2100 106.11857485771179
2200 116.16254425048828
2300 126.6709303855896
2400 137.5856990814209
2500 148.9306616783142
2600 160.75494384765625
2700 173.04960131645203
2800 185.81417870521545
2900 198.99857783317566
3000 212.6522557735443
3100 226.83641242980957
3200 241.4674198627472
3300 256.498411655426
3400 271.8698990345001
3500 287.7230398654938
3600 303.92636704444885
3700 320.5397210121155
3800 337.72364711761475
3900 355.3773338794708
4000 373.44963574409485
4100 392.022935628891
4200 411.04566717147827
4300 430.5229344367981
4400 450.39161586761475
4500 470.71790885925293
4600 491.4886636734009
4700 512.7272560596466
4800 534.4219524860382
4900 556.7682776451111
5000 579.4361906051636
5100 602.6352248191833
5200 626.3415002822876
5300 650.6263122558594
5400 675.314258813858
5500 700.3227393627167
5600 725.9073941707611
5700 751.7231574058533
5800 777.9693596363068
5900 804.4780588150024
6000 831.2498555183411
6100 858.4632277488708
6200 886.1676003932953
6300 914.4217939376831
6400 943.0758197307587
6500 972.1706788539886
6600 1001.794928073883
6700 1031.8788633346558
6800 1062.4359550476074
6900 1093.392903327942
7000 1124.570877313614
7100 1156.2043869495392
7200 1188.3372123241425
7300 1221.1008985042572
7400 1254.2443778514862
7500 1287.834994316101
7600 1321.886271238327
7700 1356.4933319091797
7800 1391.6562094688416
7900 1427.0480773448944
8000 1462.8765006065369
8100 1499.1861972808838
8200 1535.8977901935577
8300 1573.1771876811981
8400 1610.878126859665
8500 1649.1498756408691
8600 1687.904902458191
8700 1726.9901280403137
8800 1766.5316202640533
8900 1806.6731414794922
9000 1847.2451376914978
9100 1888.2293088436127
9200 1929.7095704078674
9300 1971.6013350486755
9400 2013.7971878051758
9500 2056.6081664562225
9600 2099.848396539688
9700 2143.313828229904
9800 2187.250614643097
9900 2231.7225618362427
9999 2276.3869500160217
