0 0.0003421306610107422
100 1.1542630195617676
200 1.2391083240509033
300 1.3599891662597656
400 1.5167386531829834
500 1.7103238105773926
600 1.9396486282348633
700 2.206303834915161
800 2.5096254348754883
900 2.8479719161987305
1000 3.221795082092285
1100 3.6317570209503174
1200 4.073872089385986
1300 4.553827524185181
1400 5.0684003829956055
1500 5.617343187332153
1600 6.201956748962402
1700 6.82500147819519
1800 7.482812166213989
1900 8.174114227294922
2000 8.901644468307495
2100 9.664782047271729
2200 10.469678401947021
2300 11.306572914123535
2400 12.183147430419922
2500 13.097298622131348
2600 14.050160884857178
2700 15.038766860961914
2800 16.051956176757812
2900 17.101009845733643
3000 18.18679976463318
3100 19.31636643409729
3200 20.484079360961914
3300 21.68528699874878
3400 22.912405729293823
3500 24.185820817947388
3600 25.49583387374878
3700 26.84292197227478
3800 28.22494339942932
3900 29.64295196533203
4000 31.09693193435669
4100 32.58689069747925
4200 34.11187028884888
4300 35.667768716812134
4400 37.25344491004944
4500 38.87849164009094
4600 40.53358244895935
4700 42.225029706954956
4800 43.951377630233765
4900 45.71674036979675
5000 47.520230770111084
5100 49.366366386413574
5200 51.259016275405884
5300 53.182968854904175
5400 55.1310019493103
5500 57.11476111412048
5600 59.13364911079407
5700 61.18906378746033
5800 63.29766893386841
5900 65.44671487808228
6000 67.63377070426941
6100 69.85450768470764
6200 72.1133279800415
6300 74.40745735168457
6400 76.73989224433899
6500 79.11083006858826
6600 81.51894879341125
6700 83.95082831382751
6800 86.42392826080322
6900 88.93206071853638
7000 91.47738718986511
7100 94.05847096443176
7200 96.67700457572937
7300 99.3300929069519
7400 102.01921200752258
7500 104.74449014663696
7600 107.50867629051208
7700 110.30587816238403
7800 113.14013242721558
7900 115.98363780975342
8000 118.83726811408997
8100 121.71655654907227
8200 124.63779067993164
8300 127.60692811012268
8400 130.61287260055542
8500 133.65199851989746
8600 136.7337372303009
8700 139.85032963752747
8800 142.9938840866089
8900 146.16303992271423
9000 149.36778354644775
9100 152.609069108963
9200 155.885751247406
9300 159.1992495059967
9400 162.5489640235901
9500 165.9534614086151
9600 169.39044404029846
9700 172.87570691108704
9800 176.38640713691711
9900 179.93399143218994
10000 183.51510190963745
10100 187.1334686279297
10200 190.78801226615906
10300 194.479186296463
10400 198.20865154266357
10500 201.9703311920166
10600 205.74316358566284
10700 209.55292320251465
10800 213.3970081806183
10900 217.27635145187378
11000 221.1910741329193
11100 225.14278173446655
11200 229.13521480560303
11300 233.1878478527069
11400 237.27605509757996
11500 241.40350079536438
11600 245.56635689735413
11700 249.76652431488037
11800 254.00125765800476
11900 258.2727711200714
12000 262.58281779289246
12100 266.90389227867126
12200 271.25871562957764
12300 275.67416191101074
12400 280.1248037815094
12500 284.6129810810089
12600 289.1360914707184
12700 293.69510436058044
12800 298.2755239009857
12900 302.87684059143066
13000 307.52843022346497
13100 312.2232668399811
13200 316.9339339733124
13300 321.69422817230225
13400 326.46191000938416
13500 331.26616740226746
13600 336.1253569126129
13700 341.01909494400024
13800 345.93539214134216
13900 350.8853771686554
14000 355.8681604862213
14100 360.889591217041
14200 365.9421925544739
14300 371.0300667285919
14400 376.1699159145355
14500 381.3579659461975
14600 386.5499565601349
14700 391.77681708335876
14800 397.0453178882599
14900 402.34617590904236
15000 407.6815695762634
15100 413.05275678634644
15200 418.49017238616943
15300 423.9633204936981
15400 429.4727141857147
15500 435.0208535194397
15600 440.60276436805725
15700 446.198269367218
15800 451.8158004283905
15900 457.4825985431671
16000 463.1695008277893
16100 468.89212584495544
16200 474.6576724052429
16300 480.48847246170044
16400 486.3557734489441
16500 492.2567343711853
16600 498.1944041252136
16700 504.15122723579407
16800 510.1519544124603
16900 516.1977574825287
17000 522.279100894928
17100 528.3972294330597
17200 534.5510954856873
17300 540.7419257164001
17400 546.9648859500885
17500 553.224555015564
17600 559.517261505127
17700 565.8343801498413
17800 572.1605472564697
17900 578.5216655731201
18000 584.9205341339111
18100 591.386706829071
18200 597.8979840278625
18300 604.4416708946228
18400 611.0247709751129
18500 617.649126291275
18600 624.3029956817627
18700 630.9955942630768
18800 637.7252864837646
18900 644.4945573806763
19000 651.2918963432312
19100 658.0888683795929
19200 664.9263913631439
19300 671.8544657230377
19400 678.8304054737091
19500 685.8398592472076
19600 692.8883099555969
19700 699.9745955467224
19800 707.0958364009857
19900 714.2541501522064
19999 721.447368144989
